クイズアプリケーション テストレポート
==================================================

実行日時: 2025-07-29 19:27:22
プロジェクトルート: C:\Users\admin\python_quiz

テスト結果サマリー:
  総テスト数: 2
  成功: 1
  失敗: 1
  成功率: 50.0%

個別テスト結果:
  ファイル構成テスト: 成功 (0.92秒)
  インポートテスト: 失敗 (2.57秒)

推奨事項:
  - 失敗したテストを確認して修正してください。
  - 基本テストが失敗している場合は、ファイル構成を確認してください。
